// Jest Snapshot v1, https://goo.gl/fbAQLP

exports[`should render a list of teams 1`] = `
<div>
  <ul>
    <li>
      <a
        class="App-link"
        href="/teams/1"
      >
        Bridge City Sneakers
      </a>
    </li>
    <li>
      <a
        class="App-link"
        href="/teams/2"
      >
        Kicker Bottoms
      </a>
    </li>
    <li>
      <a
        class="App-link"
        href="/teams/3"
      >
        The Ball Boys
      </a>
    </li>
  </ul>
</div>
`;
